// Jest Snapshot v1, https://goo.gl/fbAQLP

exports[`should take a snapshot 1`] = `
<DocumentFragment>
  <div
    class="singleMovie"
  >
    <div>
      <span>
        <h5
          data-testid="title"
        />
      </span>
      <img
        alt="movie post"
        class="poster-img"
        src="no-poster-available.png"
        style="width: 200px; height: 300px;"
      />
      <button
        class="playlistButton btn btn-outline-primary"
        type="button"
      >
        Show Playlist
      </button>
    </div>
  </div>
</DocumentFragment>
`;
